<html>
<body>
<pre>
<h1>µVision Build Log</h1>
<h2>Tool Versions:</h2>
IDE-Version: ¦ÌVision V5.28.0.0
Copyright (C) 2019 ARM Ltd and ARM Germany GmbH. All rights reserved.
License Information: sa Administrator, md, LIC=JDAMM-XTJKH-59IGZ-J13S6-YJSC9-SJ6G7
 
Tool Versions:
Toolchain:       MDK-ARM Professional  Version: 5.28.0.0
Toolchain Path:  D:\Keil_v5\ARM\ARMCC\Bin
C Compiler:      Armcc.exe V5.06 update 6 (build 750)
Assembler:       Armasm.exe V5.06 update 6 (build 750)
Linker/Locator:  ArmLink.exe V5.06 update 6 (build 750)
Library Manager: ArmAr.exe V5.06 update 6 (build 750)
Hex Converter:   FromElf.exe V5.06 update 6 (build 750)
CPU DLL:         SARMCM3.DLL V5.28.0.0
Dialog DLL:      DCM.DLL V1.17.3.0
Target DLL:      Segger\JL2CM3.dll V2.99.36.0
Dialog DLL:      TCM.DLL V1.36.2.0
 
<h2>Project:</h2>
D:\code\F103C8\max7219\App\MDK-ARM\App.uvprojx
Project File Date:  08/03/2019

<h2>Output:</h2>
*** Using Compiler 'V5.06 update 6 (build 750)', folder: 'D:\Keil_v5\ARM\ARMCC\Bin'
Rebuild target 'App'
assembling startup_stm32f103xb.s...
compiling max7219.c...
..\Src\max7219.c(10): warning:  #188-D: enumerated type mixed with another type
  	HAL_GPIO_WritePin(GPIOA,GPIO_PIN_0,i);
..\Src\max7219.c(14): warning:  #188-D: enumerated type mixed with another type
  	HAL_GPIO_WritePin(GPIOA,GPIO_PIN_1,i);
..\Src\max7219.c(18): warning:  #188-D: enumerated type mixed with another type
  	HAL_GPIO_WritePin(GPIOA,GPIO_PIN_2,i);
..\Src\max7219.c: 3 warnings, 0 errors
compiling gpio.c...
compiling stm32f1xx_hal_msp.c...
compiling main.c...
compiling stm32f1xx_it.c...
compiling stm32f1xx_hal_gpio_ex.c...
compiling stm32f1xx_hal_tim.c...
compiling stm32f1xx_hal_tim_ex.c...
compiling stm32f1xx_hal.c...
compiling stm32f1xx_hal_rcc.c...
compiling stm32f1xx_hal_rcc_ex.c...
compiling stm32f1xx_hal_cortex.c...
compiling stm32f1xx_hal_pwr.c...
compiling stm32f1xx_hal_gpio.c...
compiling stm32f1xx_hal_dma.c...
compiling system_stm32f1xx.c...
compiling stm32f1xx_hal_flash.c...
compiling stm32f1xx_hal_flash_ex.c...
linking...
Program Size: Code=2740 RO-data=284 RW-data=16 ZI-data=1024  
FromELF: creating hex file...
"App\App.axf" - 0 Error(s), 3 Warning(s).

<h2>Software Packages used:</h2>

Package Vendor: ARM
                http://www.keil.com/pack/ARM.CMSIS.5.5.1.pack
                ARM.CMSIS.5.5.1
                CMSIS (Cortex Microcontroller Software Interface Standard)
   * Component: CORE Version: 5.2.0

Package Vendor: Keil
                http://www.keil.com/pack/Keil.STM32F1xx_DFP.2.3.0.pack
                Keil.STM32F1xx_DFP.2.3.0
                STMicroelectronics STM32F1 Series Device Support, Drivers and Examples

<h2>Collection of Component include folders:</h2>
  .\RTE\_App
  D:\Keil_v5\Arm\Packs\ARM\CMSIS\5.5.1\CMSIS\Core\Include
  D:\Keil_v5\Arm\Packs\Keil\STM32F1xx_DFP\2.3.0\Device\Include

<h2>Collection of Component Files used:</h2>

   * Component: ARM::CMSIS:CORE:5.2.0
Build Time Elapsed:  00:00:03
</pre>
</body>
</html>
